To honour the JVM settings for this build a single-use Daemon process will be forked. For more on this, please refer to https://docs.gradle.org/8.8/userguide/gradle_daemon.html#sec:disabling_the_daemon in the Gradle documentation.
Daemon will be stopped at the end of the build 

> Configure project :
Fabric Loom: 1.7.4
:remapping 51 mods from modImplementation (java-api)

> Task :clean
> Task :compileJava
> Task :processResources
> Task :classes
> Task :jar
> Task :compileTestJava
> Task :processTestResources NO-SOURCE
> Task :testClasses
> Task :test
> Task :processIncludeJars
> Task :remapJar
gradle/actions: Writing build results to /home/runner/work/_temp/.gradle-actions/build-results/__run_5-1787823081597.json

Deprecated Gradle features were used in this build, making it incompatible with Gradle 9.0.

You can use '--warning-mode all' to show the individual deprecation warnings and determine if they come from your own scripts or plugins.

For more on this, please refer to https://docs.gradle.org/8.8/userguide/command_line_interface.html#sec:command_line_warnings in the Gradle documentation.

BUILD SUCCESSFUL in 22s
8 actionable tasks: 8 executed
