To honour the JVM settings for this build a single-use Daemon process will be forked. For more on this, please refer to https://docs.gradle.org/8.8/userguide/gradle_daemon.html#sec:disabling_the_daemon in the Gradle documentation.
Daemon will be stopped at the end of the build 

> Configure project :
Fabric Loom: 1.7.4

> Task :compileJava UP-TO-DATE
> Task :processResources UP-TO-DATE
> Task :classes UP-TO-DATE
> Task :generateLog4jConfig
> Task :generateRemapClasspath
> Task :generateDLIConfig
> Task :configureLaunch

> Task :runServer
[15:07:35] [main/INFO] (FabricLoader/GameProvider) Loading Minecraft 1.21.1 with Fabric Loader 0.18.4
[15:07:35] [main/INFO] (FabricLoader) Loading 43 mods:
	- fabric-api 0.116.9+1.21.1
	- fabric-api-base 0.4.42+6573ed8c19
	- fabric-api-lookup-api-v1 1.6.72+7b3d111d19
	- fabric-biome-api-v1 13.0.31+d527f9fd19
	- fabric-block-api-v1 1.1.0+0bc3503219
	- fabric-block-view-api-v2 1.0.11+ebb2264e19
	- fabric-command-api-v1 1.2.49+f71b366f19
	- fabric-command-api-v2 2.2.28+6ced4dd919
	- fabric-commands-v0 0.2.66+df3654b319
	- fabric-content-registries-v0 8.0.19+b559734419
	- fabric-convention-tags-v1 2.1.6+7f945d5b19
	- fabric-convention-tags-v2 2.11.2+fa89716719
	- fabric-crash-report-info-v1 0.2.29+0af3f5a719
	- fabric-data-attachment-api-v1 1.4.6+5b36e0f719
	- fabric-data-generation-api-v1 20.2.35+37516cd619
	- fabric-dimensions-v1 4.0.1+65213ef819
	- fabric-entity-events-v1 1.8.0+2b27e0a419
	- fabric-events-interaction-v0 0.7.13+ba9dae0619
	- fabric-game-rule-api-v1 1.0.53+6ced4dd919
	- fabric-gametest-api-v1 2.0.5+6fc22b9919
	- fabric-item-api-v1 11.2.0+3b3cb2e819
	- fabric-item-group-api-v1 4.1.7+def88e3a19
	- fabric-lifecycle-events-v1 2.6.0+0865547519
	- fabric-loot-api-v2 3.0.15+3f89f5a519
	- fabric-loot-api-v3 1.0.3+3f89f5a519
	- fabric-message-api-v1 6.0.14+8aaf3aca19
	- fabric-networking-api-v1 4.3.0+c7469b2119
	- fabric-object-builder-api-v1 15.2.1+40875a9319
	- fabric-particles-v1 4.0.2+6573ed8c19
	- fabric-recipe-api-v1 5.0.15+2475392c19
	- fabric-registry-sync-v0 5.3.1+e3eddc2119
	- fabric-rendering-data-attachment-v1 0.3.49+73761d2e19
	- fabric-rendering-fluids-v1 3.1.6+1daea21519
	- fabric-resource-conditions-api-v1 4.3.0+8dc279b119
	- fabric-resource-loader-v0 1.3.1+5b5275af19
	- fabric-screen-handler-api-v1 1.3.90+b559734419
	- fabric-transfer-api-v1 5.4.4+7b3d111d19
	- fabric-transitive-access-wideners-v1 6.2.0+45b9699719
	- fabricloader 0.18.4
	- java 21
	- minecraft 1.21.1
	- mixinextras 0.5.0
	- svframelib 1.7.1-fabric
[15:07:35] [main/INFO] (FabricLoader/Mixin) SpongePowered MIXIN Subsystem Version=0.8.7 Source=file:/home/runner/.gradle/caches/modules-2/files-2.1/net.fabricmc/sponge-mixin/0.17.0+mixin.0.8.7/cf31463202f72d03b0ef1e1e38e8ee71b7faaab6/sponge-mixin-0.17.0+mixin.0.8.7.jar Service=Knot/Fabric Env=SERVER
[15:07:35] [main/INFO] (FabricLoader/Mixin) Loaded Fabric development mappings for mixin remapper!
[15:07:35] [main/INFO] (FabricLoader/Mixin) Compatibility level set to JAVA_17
[15:07:35] [main/INFO] (FabricLoader/Mixin) Compatibility level set to JAVA_21
[15:07:36] [main/INFO] (FabricLoader/MixinExtras|Service) Initializing MixinExtras via com.llamalad7.mixinextras.service.MixinExtrasServiceImpl(version=0.5.0).
[15:07:43] [main/ERROR] (Minecraft) Failed to load properties from file: server.properties
java.nio.file.NoSuchFileException: server.properties
	at java.base/sun.nio.fs.UnixException.translateToIOException(UnixException.java:92) ~[?:?]
	at java.base/sun.nio.fs.UnixException.rethrowAsIOException(UnixException.java:106) ~[?:?]
	at java.base/sun.nio.fs.UnixException.rethrowAsIOException(UnixException.java:111) ~[?:?]
	at java.base/sun.nio.fs.UnixFileSystemProvider.newByteChannel(UnixFileSystemProvider.java:261) ~[?:?]
	at java.base/java.nio.file.Files.newByteChannel(Files.java:380) ~[?:?]
	at java.base/java.nio.file.Files.newByteChannel(Files.java:432) ~[?:?]
	at java.base/java.nio.file.spi.FileSystemProvider.newInputStream(FileSystemProvider.java:420) ~[?:?]
	at java.base/java.nio.file.Files.newInputStream(Files.java:160) ~[?:?]
	at knot/net.minecraft.server.dedicated.AbstractPropertiesHandler.loadProperties(AbstractPropertiesHandler.java:62) [minecraft-merged-8bc85877dd-1.21.1-net.fabricmc.yarn.1_21_1.1.21.1+build.3-v2.jar:?]
	at knot/net.minecraft.server.dedicated.ServerPropertiesHandler.load(ServerPropertiesHandler.java:141) [minecraft-merged-8bc85877dd-1.21.1-net.fabricmc.yarn.1_21_1.1.21.1+build.3-v2.jar:?]
	at knot/net.minecraft.server.dedicated.ServerPropertiesLoader.<init>(ServerPropertiesLoader.java:12) [minecraft-merged-8bc85877dd-1.21.1-net.fabricmc.yarn.1_21_1.1.21.1+build.3-v2.jar:?]
	at knot/net.minecraft.server.Main.main(Main.java:114) [minecraft-merged-8bc85877dd-1.21.1-net.fabricmc.yarn.1_21_1.1.21.1+build.3-v2.jar:?]
	at net.fabricmc.loader.impl.game.minecraft.MinecraftGameProvider.launch(MinecraftGameProvider.java:514) [fabric-loader-0.18.4.jar:?]
	at net.fabricmc.loader.impl.launch.knot.Knot.launch(Knot.java:72) [fabric-loader-0.18.4.jar:?]
	at net.fabricmc.loader.impl.launch.knot.KnotServer.main(KnotServer.java:23) [fabric-loader-0.18.4.jar:?]
	at net.fabricmc.devlaunchinjector.Main.main(Main.java:86) [dev-launch-injector-0.2.1+build.8.jar:?]
[15:07:43] [main/INFO] (Minecraft) Environment: Environment[sessionHost=https://sessionserver.mojang.com, servicesHost=https://api.minecraftservices.com, name=PROD]
[15:07:44] [main/INFO] (Minecraft) No existing world data, creating new world
[15:07:45] [main/INFO] (Minecraft) Loaded 1290 recipes
[15:07:45] [main/INFO] (Minecraft) Loaded 1399 advancements
[15:07:46] [main/INFO] (BiomeModificationImpl) Applied 0 biome modifications to 0 of 64 new biomes in 1.567 ms
[15:07:46] [Server thread/INFO] (Minecraft) Starting minecraft server version 1.21.1
[15:07:46] [Server thread/INFO] (Minecraft) Loading properties
[15:07:46] [Server thread/INFO] (Minecraft) Default game type: SURVIVAL
[15:07:46] [Server thread/INFO] (Minecraft) Generating keypair
[15:07:46] [Server thread/INFO] (Minecraft) Starting Minecraft server on *:25565
[15:07:46] [Server thread/INFO] (Minecraft) Using epoll channel type
[15:07:46] [Server thread/INFO] (Minecraft) Preparing level "world"
[15:07:51] [Server thread/INFO] (Minecraft) Preparing start region for dimension minecraft:overworld
[15:07:51] [Worker-Main-1/INFO] (Minecraft) Preparing spawn area: 2%
[15:07:51] [Worker-Main-1/INFO] (Minecraft) Preparing spawn area: 2%
[15:07:52] [Worker-Main-1/INFO] (Minecraft) Preparing spawn area: 2%
[15:07:52] [Worker-Main-1/INFO] (Minecraft) Preparing spawn area: 6%
[15:07:53] [Worker-Main-1/INFO] (Minecraft) Preparing spawn area: 18%
[15:07:53] [Worker-Main-2/INFO] (Minecraft) Preparing spawn area: 18%
[15:07:54] [Worker-Main-2/INFO] (Minecraft) Preparing spawn area: 51%
[15:07:54] [Worker-Main-2/INFO] (Minecraft) Preparing spawn area: 51%
[15:07:55] [Worker-Main-2/INFO] (Minecraft) Preparing spawn area: 59%
[15:07:55] [Server thread/INFO] (Minecraft) Time elapsed: 4145 ms
[15:07:55] [Server thread/INFO] (Minecraft) Done (9.115s)! For help, type "help"
Aug 28, 2026 3:07:55 PM vn.svframe.svframelib.fabric.SVFrameLibBootstrap lambda$onInitialize$0
INFO: SVFrameLib online
Aug 28, 2026 3:07:55 PM vn.svframe.svframelib.fabric.SVFrameLibFabricMod lambda$onInitialize$0
INFO: SVFrameLib Fabric online; skills=94,scripts=100,customTriggers=1
